// Jest Snapshot v1, https://goo.gl/fbAQLP

exports[`should allow to override default props 1`] = `".a {background: url(1.png?color=blue); -svg-fill: red}"`;

exports[`should allow to use custom transformer 1`] = `".a {background: url(1.png?-SVG-FILL=red);}"`;

exports[`should always encode prop value even with custom transformer 1`] = `".a {background: url(1.png?fill=%2523fff);}"`;

exports[`should always encode prop value even with custom transformer 2`] = `".a {background: url(1.png?-SVG-FILL=%2523fff);}"`;

exports[`should move -svg-* props by default 1`] = `".a {background: url(1.png); fill: red}"`;

exports[`should move -svg-* props by default 2`] = `".a {background: url(1.png?fill=red)}"`;

exports[`should preserve if any query params already there 1`] = `".a {background: url(1.png?qwe&fill=red)}"`;
